                                                           The SAS System                            13:54 Monday, July 10, 2017   1

           Drug   Drug
     Obs    A      B            DrugC   VAR4   VAR5   VAR6   VAR7           VAR8   VAR9   VAR10   VAR11   VAR12          VAR13

      1                             4                                          6                                             6
      2                             5                                          8                                             7
      3                             4                                          4                                             6
      4                             3                                          5                                             6
      5                             2                                          4                                             7
      6                             4                                          6                                             5
      7                             3                                          5                                             6
      8                             4                                          8                                             5
      9                             4                                          6                                             5
